# Innovation game log — started 2026-06-02 16:20:03
New game: seed=29778796, seats=Human,Greedy
P1 melds A1 Oars(Red)
P2 melds A1 Masonry(Yellow)
[state] SVYBAgEBAQEA/gMfAAoFAgwOCwoABw0ICRYPFBEQFxUYEgkcHx4ZHRsaIiAJJScpJiMqKCwrCS4yMzYxMDQ1LQlAPz44OTs9PDcJRkNEQUpJQkdICVRRT0tSTE1QTglYWVtaV15VVlwKZmRjZ19oYWJgZQEEAAABAAkAAAAAAAAAAAAAAAEBAQAGAAAAAAAAAAAAAAAAAA==
— P2 action (DrawAction, turn 1, 1 left)
P2 draws A1 Domestication(Yellow) (hand=2)
[state] SVYBAgEAAgIA/gMfAAkCDA4LCgAHDQgJFg8UERAXFRgSCRwfHhkdGxoiIAklJykmIyooLCsJLjIzNjEwNDUtCUA/Pjg5Oz08NwlGQ0RBSklCR0gJVFFPS1JMTVBOCVhZW1pXXlVWXApmZGNnX2hhYmBlAQQAAAEACQAAAAAAAAAAAAAAAgEFAQAGAAAAAAAAAAAAAAAAAA==
— P1 action (DrawAction, turn 2, 2 left)
P1 draws A1 City States(Purple) (hand=2)
— P1 action (DrawAction, turn 2, 1 left)
P1 draws A1 The Wheel(Green) (hand=3)
[state] SVYBAgEBAgMA/gMfAAcOCwoABw0ICRYPFBEQFxUYEgkcHx4ZHRsaIiAJJScpJiMqKCwrCS4yMzYxMDQ1LQlAPz44OTs9PDcJRkNEQUpJQkdICVRRT0tSTE1QTglYWVtaV15VVlwKZmRjZ19oYWJgZQMEAgwAAAEACQAAAAAAAAAAAAAAAgEFAQAGAAAAAAAAAAAAAAAAAA==
— P2 action (DrawAction, turn 3, 2 left)
P2 draws A1 Writing(Blue) (hand=3)
— P2 action (DrawAction, turn 3, 1 left)
P2 draws A1 Sailing(Green) (hand=4)
[state] SVYBAgEAAgQA/gMfAAUKAAcNCAkWDxQREBcVGBIJHB8eGR0bGiIgCSUnKSYjKigsKwkuMjM2MTA0NS0JQD8+ODk7PTw3CUZDREFKSUJHSAlUUU9LUkxNUE4JWFlbWldeVVZcCmZkY2dfaGFiYGUDBAIMAAABAAkAAAAAAAAAAAAAAAQBBQ4LAQAGAAAAAAAAAAAAAAAAAA==
— P1 action (MeldAction, turn 4, 2 left)
P1 melds A1 The Wheel(Green)
— P1 action (DogmaAction, turn 4, 1 left)
Dogma: P1 activates A1 The Wheel(Green) (featured Castle)
Effect 1 (share/non-demand) — Castle counts (frozen): P1=5, P2=3; targets: P1
  → handler DrawHandler on P1
P1 draws A1 Pottery(Blue) (hand=3)
P1 draws A1 Agriculture(Yellow) (hand=4)
    = progressed
[state] SVYBAgEBAgUA/gMfAAMHDQgJFg8UERAXFRgSCRwfHhkdGxoiIAklJykmIyooLCsJLjIzNjEwNDUtCUA/Pjg5Oz08NwlGQ0RBSklCR0gJVFFPS1JMTVBOCVhZW1pXXlVWXApmZGNnX2hhYmBlBAQCCgAAAAEACQAAAAABAAwAAAAAAAQBBQ4LAQAGAAAAAAAAAAAAAAAAAA==
— P2 action (MeldAction, turn 5, 2 left)
P2 melds A1 Sailing(Green)
— P2 action (DogmaAction, turn 5, 1 left)
Dogma: P2 activates A1 Sailing(Green) (featured Crown)
Effect 1 (share/non-demand) — Crown counts (frozen): P1=1, P2=2; targets: P2
  → handler DrawAndMeldHandler on P2
P2 draws A1 Metalworking(Red) (hand=4)
P2 melds A1 Metalworking(Red)
    = progressed
[state] SVYBAgEAAgYA/gMfAAINCAkWDxQREBcVGBIJHB8eGR0bGiIgCSUnKSYjKigsKwkuMjM2MTA0NS0JQD8+ODk7PTw3CUZDREFKSUJHSAlUUU9LUkxNUE4JWFlbWldeVVZcCmZkY2dfaGFiYGUEBAIKAAAAAQAJAAAAAAEADAAAAAAAAwEFDgEABgEABwAAAAABAAsAAAAAAA==
— P1 action (MeldAction, turn 6, 2 left)
P1 melds A1 City States(Purple)
— P1 action (DogmaAction, turn 6, 1 left)
Dogma: P1 activates A1 City States(Purple) (featured Crown)
Effect 1 (demand) — Crown counts (frozen): P1=3, P2=2; targets: P2
  → handler CityStatesHandler on P2
    = no-op (paused awaiting choice)
  → handler CityStatesHandler on P2
transfer board→board A1 Masonry(Yellow): P2 → P1
P2 draws A1 Tools(Blue) (hand=4)
    = progressed
[state] SVYBAgEBAgcA/gMfAAEICRYPFBEQFxUYEgkcHx4ZHRsaIiAJJScpJiMqKCwrCS4yMzYxMDQ1LQlAPz44OTs9PDcJRkNEQUpJQkdICVRRT0tSTE1QTglYWVtaV15VVlwKZmRjZ19oYWJgZQMECgABAAYBAAkBAAIAAAEADAAAAAAABAEFDg0AAAEABwAAAAABAAsAAAAAAA==
— P2 action (DogmaAction, turn 7, 2 left)
Dogma: P2 activates A1 Sailing(Green) (featured Crown)
Effect 1 (share/non-demand) — Crown counts (frozen): P1=3, P2=2; targets: P1,P2
  → handler DrawAndMeldHandler on P1
P1 draws A1 Mysticism(Purple) (hand=4)
P1 melds A1 Mysticism(Purple)
    = progressed
  → handler DrawAndMeldHandler on P2
P2 draws A2 Monotheism(Purple) (hand=5)
P2 melds A2 Monotheism(Purple)
    = progressed
P2 draws A2 Calendar(Blue) (hand=5)
— P2 action (DogmaAction, turn 7, 1 left)
Dogma: P2 activates A1 Sailing(Green) (featured Crown)
Effect 1 (share/non-demand) — Crown counts (frozen): P1=1, P2=2; targets: P2
  → handler DrawAndMeldHandler on P2
P2 draws A2 Mapmaking(Green) (hand=6)
P2 melds A2 Mapmaking(Green)
    = progressed
[state] SVYBAgEAAggA/gMfAAAGERAXFRgSCRwfHhkdGxoiIAklJykmIyooLCsJLjIzNjEwNDUtCUA/Pjg5Oz08NwlGQ0RBSklCR0gJVFFPS1JMTVBOCVhZW1pXXlVWXApmZGNnX2hhYmBlAwQKAAEABgEACQIACAIAAAEADAAAAAAABQEFDg0PAAABAAcBABYAAAIAFAsAAAAAAA==
— P1 action (DogmaAction, turn 8, 2 left)
Dogma: P1 activates A1 The Wheel(Green) (featured Castle)
Effect 1 (share/non-demand) — Castle counts (frozen): P1=11, P2=7; targets: P1
  → handler DrawHandler on P1
P1 draws A2 Construction(Red) (hand=4)
P1 draws A2 Canal Building(Yellow) (hand=5)
    = progressed
— P1 action (MeldAction, turn 8, 1 left)
P1 melds A1 Pottery(Blue)
[state] SVYBAgEBAgkA/gMfAAAEFxUYEgkcHx4ZHRsaIiAJJScpJiMqKCwrCS4yMzYxMDQ1LQlAPz44OTs9PDcJRkNEQUpJQkdICVRRT0tSTE1QTglYWVtaV15VVlwKZmRjZ19oYWJgZQQEABEQAQAGAQAJAgAIAgEACgEADAAAAAAABQEFDg0PAAABAAcBABYAAAIAFAsAAAAAAA==
— P2 action (DogmaAction, turn 9, 2 left)
Dogma: P2 activates A2 Monotheism(Purple) (featured Castle)
Effect 1 (demand) — Castle counts (frozen): P1=11, P2=7; targets: (none)
Effect 2 (share/non-demand) — Castle counts (frozen): P1=11, P2=7; targets: P1,P2
  → handler DrawAndTuckHandler on P1
P1 draws A2 Philosophy(Purple) (hand=5)
P1 tucks A2 Philosophy(Purple)
    = progressed
  → handler DrawAndTuckHandler on P2
P2 draws A2 Mathematics(Blue) (hand=6)
P2 tucks A2 Mathematics(Blue)
    = progressed
P2 draws A2 Road Building(Red) (hand=6)
— P2 action (MeldAction, turn 9, 1 left)
P2 melds A1 Domestication(Yellow)
[state] SVYBAgEAAgoA/gMfAAABEgkcHx4ZHRsaIiAJJScpJiMqKCwrCS4yMzYxMDQ1LQlAPz44OTs9PDcJRkNEQUpJQkdICVRRT0tSTE1QTglYWVtaV15VVlwKZmRjZ19oYWJgZQQEABEQAQAGAQAJAwAIAhcBAAoBAAwAAAAAAAUBDg0PGAEABQEABwEAFgEAFQIAFAsAAAAAAA==
— P1 action (DogmaAction, turn 10, 2 left)
Dogma: P1 activates A1 The Wheel(Green) (featured Castle)
Effect 1 (share/non-demand) — Castle counts (frozen): P1=11, P2=9; targets: P1
  → handler DrawHandler on P1
P1 draws A2 Currency(Green) (hand=5)
P1 draws A3 Engineering(Red) (hand=6)
    = progressed
— P1 action (DogmaAction, turn 10, 1 left)
Dogma: P1 activates A1 The Wheel(Green) (featured Castle)
Effect 1 (share/non-demand) — Castle counts (frozen): P1=11, P2=9; targets: P1
  → handler DrawHandler on P1
P1 draws A3 Medicine(Yellow) (hand=7)
P1 draws A3 Machinery(Yellow) (hand=8)
    = progressed
[state] SVYBAgEBAgsA/gMfAAAABhkdGxoiIAklJykmIyooLCsJLjIzNjEwNDUtCUA/Pjg5Oz08NwlGQ0RBSklCR0gJVFFPS1JMTVBOCVhZW1pXXlVWXApmZGNnX2hhYmBlCAQAERASHB8eAQAGAQAJAwAIAhcBAAoBAAwAAAAAAAUBDg0PGAEABQEABwEAFgEAFQIAFAsAAAAAAA==
— P2 action (DogmaAction, turn 11, 2 left)
Dogma: P2 activates A2 Mathematics(Blue) (featured Lightbulb)
Effect 1 (share/non-demand) — Lightbulb counts (frozen): P1=0, P2=2; targets: P2
  → handler MathematicsHandler on P2
    = no-op (paused awaiting choice)
  → handler MathematicsHandler on P2
P2 returns A1 Archery(Red)
P2 draws A3 Alchemy(Blue) (hand=5)
P2 melds A3 Alchemy(Blue)
    = progressed
— P2 action (DogmaAction, turn 11, 1 left)
Dogma: P2 activates A2 Monotheism(Purple) (featured Castle)
Effect 1 (demand) — Castle counts (frozen): P1=11, P2=11; targets: (none)
Effect 2 (share/non-demand) — Castle counts (frozen): P1=11, P2=11; targets: P1,P2
  → handler DrawAndTuckHandler on P1
P1 draws A1 Archery(Red) (hand=9)
P1 tucks A1 Archery(Red)
    = progressed
  → handler DrawAndTuckHandler on P2
P2 draws A3 Feudalism(Purple) (hand=5)
P2 tucks A3 Feudalism(Purple)
    = progressed
P2 draws A3 Education(Purple) (hand=5)
[state] SVYBAgEAAgwA/gMfAAAAAxoiIAklJykmIyooLCsJLjIzNjEwNDUtCUA/Pjg5Oz08NwlGQ0RBSklCR0gJVFFPS1JMTVBOCVhZW1pXXlVWXApmZGNnX2hhYmBlCAQAERASHB8eAQAGAgAJAQMACAIXAQAKAQAMAAAAAAAFDg0PGBsBAAUBAAcCABYdAgAZFQIAFAsAAAAAAA==
— P1 action (MeldAction, turn 12, 2 left)
P1 melds A3 Machinery(Yellow)
— P1 action (DogmaAction, turn 12, 1 left)
Dogma: P1 activates A3 Machinery(Yellow) (featured Leaf)
Effect 1 (demand) — Leaf counts (frozen): P1=5, P2=1; targets: P2
  → handler MachineryDemandHandler on P2
transfer hand→hand A1 Writing(Blue): P2 → P1
transfer hand→hand A1 Tools(Blue): P2 → P1
transfer hand→hand A2 Calendar(Blue): P2 → P1
transfer hand→hand A2 Road Building(Red): P2 → P1
transfer hand→hand A3 Education(Purple): P2 → P1
transfer hand→hand A3 Engineering(Red): P1 → P2
transfer hand→hand A3 Medicine(Yellow): P1 → P2
    = progressed
Effect 2 (share/non-demand) — Leaf counts (frozen): P1=5, P2=1; targets: P1
  → handler MachineryScoreCastleSplayHandler on P1
    = no-op (paused awaiting choice)
  → handler MachineryScoreCastleSplayHandler on P1
P1 scores A2 Road Building(Red)
    = no-op (paused awaiting choice)
  → handler MachineryScoreCastleSplayHandler on P1
P1 splays Red Left
    = progressed
[state] SVYBAgEBAg0A/gMfAAAAAxoiIAklJykmIyooLCsJLjIzNjEwNDUtCUA/Pjg5Oz08NwlGQ0RBSklCR0gJVFFPS1JMTVBOCVhZW1pXXlVWXApmZGNnX2hhYmBlCQQAERASDg0PGwIAHgYCAQkBAwAIAhcBAAoBAAwBGAAAAAACHB8BAAUBAAcCABYdAgAZFQIAFAsAAAAAAA==
— P2 action (DogmaAction, turn 13, 2 left)
Dogma: P2 activates A3 Alchemy(Blue) (featured Castle)
Effect 1 (share/non-demand) — Castle counts (frozen): P1=10, P2=11; targets: P2
  → handler AlchemyDrawRevealHandler on P2
P2 draws A4 Enterprise(Purple) (hand=3)
P2 draws A4 Gunpowder(Red) (hand=4)
P2 draws A4 Navigation(Green) (hand=5)
    = no-op (paused awaiting choice)
  → handler AlchemyDrawRevealHandler on P2
P2 returns A3 Engineering(Red)
    = no-op (paused awaiting choice)
  → handler AlchemyDrawRevealHandler on P2
P2 returns A3 Medicine(Yellow)
    = no-op (paused awaiting choice)
  → handler AlchemyDrawRevealHandler on P2
P2 returns A4 Enterprise(Purple)
    = no-op (paused awaiting choice)
  → handler AlchemyDrawRevealHandler on P2
P2 returns A4 Gunpowder(Red)
    = no-op (paused awaiting choice)
  → handler AlchemyDrawRevealHandler on P2
P2 returns A4 Navigation(Green)
    = progressed
Effect 2 (share/non-demand) — Castle counts (frozen): P1=10, P2=11; targets: P2
  → handler AlchemyMeldScoreHandler on P2
    = no-op
— P2 action (DogmaAction, turn 13, 1 left)
Dogma: P2 activates A3 Alchemy(Blue) (featured Castle)
Effect 1 (share/non-demand) — Castle counts (frozen): P1=10, P2=11; targets: P2
  → handler AlchemyDrawRevealHandler on P2
P2 draws A4 Experimentation(Blue) (hand=1)
P2 draws A4 Anatomy(Yellow) (hand=2)
P2 draws A4 Perspective(Yellow) (hand=3)
    = progressed
Effect 2 (share/non-demand) — Castle counts (frozen): P1=10, P2=11; targets: P2
  → handler AlchemyMeldScoreHandler on P2
    = no-op (paused awaiting choice)
  → handler AlchemyMeldScoreHandler on P2
P2 melds A4 Experimentation(Blue)
    = progressed (paused awaiting choice)
  → handler AlchemyMeldScoreHandler on P2
P2 scores A4 Anatomy(Yellow)
    = progressed
[state] SVYBAgEAAg4A/gMfAAAABRoiIBwfBigsKyUnKQkuMjM2MTA0NS0JQD8+ODk7PTw3CUZDREFKSUJHSAlUUU9LUkxNUE4JWFlbWldeVVZcCmZkY2dfaGFiYGUJBAAREBIODQ8bAgAeBgIBCQEDAAgCFwEACgEADAEYAAAAAAEqAQAFAQAHAgAWHQMAJhkVAgAUCwEjAAAAAA==
— P1 action (DogmaAction, turn 14, 2 left)
Dogma: P1 activates A1 Pottery(Blue) (featured Leaf)
Effect 1 (share/non-demand) — Leaf counts (frozen): P1=5, P2=0; targets: P1
  → handler PotteryReturnAndScoreHandler on P1
    = no-op (paused awaiting choice)
  → handler PotteryReturnAndScoreHandler on P1
P1 returns A3 Education(Purple)
P1 draws A3 Compass(Green) (hand=9)
P1 scores A3 Compass(Green)
    = progressed
Effect 2 (share/non-demand) — Leaf counts (frozen): P1=5, P2=0; targets: P1
  → handler DrawHandler on P1
P1 draws A3 Translation(Blue) (hand=9)
    = progressed
— P1 action (AchieveAction, turn 14, 1 left)
P1 claims age-1 achievement
[state] SVYBAgEBAg8A/AMfAAAABCAcHxsGKCwrJScpCS4yMzYxMDQ1LQlAPz44OTs9PDcJRkNEQUpJQkdICVRRT0tSTE1QTglYWVtaV15VVlwKZmRjZ19oYWJgZQkEABEQEg4NDyICAB4GAgEJAQMACAIXAQAKAQAMAhgaAQEAAAABKgEABQEABwIAFh0DACYZFQIAFAsBIwAAAAA=
— P2 action (DogmaAction, turn 15, 2 left)
Dogma: P2 activates A4 Experimentation(Blue) (featured Lightbulb)
Effect 1 (share/non-demand) — Lightbulb counts (frozen): P1=0, P2=3; targets: P2
  → handler DrawAndMeldHandler on P2
P2 draws A5 Banking(Green) (hand=2)
P2 melds A5 Banking(Green)
    = progressed
— P2 action (DogmaAction, turn 15, 1 left)
Dogma: P2 activates A1 Metalworking(Red) (featured Castle)
Effect 1 (share/non-demand) — Castle counts (frozen): P1=10, P2=8; targets: P1,P2
  → handler MetalworkingHandler on P1
P1 draws A3 Optics(Red) (hand=10)
    = progressed
  → handler MetalworkingHandler on P2
P2 draws A3 Engineering(Red) (hand=2)
P2 scores A3 Engineering(Red)
P2 draws A3 Medicine(Yellow) (hand=2)
    = progressed
P2 draws A5 Physics(Blue) (hand=3)
[state] SVYBAgEAAhAA/AMfAAAAARsGKCwrJScpBzM2MTA0NS0JQD8+ODk7PTw3CUZDREFKSUJHSAlUUU9LUkxNUE4JWFlbWldeVVZcCmZkY2dfaGFiYGUKBAAREBIODQ8iIAIAHgYCAQkBAwAIAhcBAAoBAAwCGBoBAQAAAAMqHzIBAAUBAAcCABYdAwAmGRUDAC4UCwIjHAAAAAA=
— P1 action (MeldAction, turn 16, 2 left)
P1 melds A3 Optics(Red)
— P1 action (DogmaAction, turn 16, 1 left)
Dogma: P1 activates A3 Machinery(Yellow) (featured Leaf)
Effect 1 (demand) — Leaf counts (frozen): P1=5, P2=0; targets: P2
  → handler MachineryDemandHandler on P2
transfer hand→hand A4 Perspective(Yellow): P2 → P1
transfer hand→hand A3 Medicine(Yellow): P2 → P1
transfer hand→hand A5 Physics(Blue): P2 → P1
transfer hand→hand A3 Translation(Blue): P1 → P2
    = progressed
Effect 2 (share/non-demand) — Leaf counts (frozen): P1=5, P2=0; targets: P1
  → handler MachineryScoreCastleSplayHandler on P1
    = no-op (paused awaiting choice)
  → handler MachineryScoreCastleSplayHandler on P1
P1 scores A2 Construction(Red)
    = progressed
[state] SVYBAgEBAhEA/AMfAAAAARsGKCwrJScpBzM2MTA0NS0JQD8+ODk7PTw3CUZDREFKSUJHSAlUUU9LUkxNUE4JWFlbWldeVVZcCmZkY2dfaGFiYGUKBAAQEg4NDyofMgIAHgYDASAJAQMACAIXAQAKAQAMAxgaEQEBAAAAASIBAAUBAAcCABYdAwAmGRUDAC4UCwIjHAAAAAA=
— P2 action (DogmaAction, turn 17, 2 left)
Dogma: P2 activates A4 Experimentation(Blue) (featured Lightbulb)
Effect 1 (share/non-demand) — Lightbulb counts (frozen): P1=0, P2=3; targets: P2
  → handler DrawAndMeldHandler on P2
P2 draws A5 The Pirate Code(Red) (hand=2)
P2 melds A5 The Pirate Code(Red)
    = progressed
— P2 action (DogmaAction, turn 17, 1 left)
Dogma: P2 activates A5 The Pirate Code(Red) (featured Crown)
Effect 1 (demand) — Crown counts (frozen): P1=3, P2=5; targets: P1
  → handler PirateCodeDemandHandler on P1
    = no-op (paused awaiting choice)
  → handler PirateCodeDemandHandler on P1
transfer score→score A2 Road Building(Red): P1 → P2
    = progressed (paused awaiting choice)
  → handler PirateCodeDemandHandler on P1
transfer score→score A2 Construction(Red): P1 → P2
    = progressed
Effect 2 (share/non-demand) — Crown counts (frozen): P1=3, P2=5; targets: P2
  → handler PirateCodeScoreIfDemandHandler on P2
P2 scores from board A1 Domestication(Yellow)
    = progressed
[state] SVYBAgEAAhIA/AMfAAAAARsGKCwrJScpBjYxMDQ1LQlAPz44OTs9PDcJRkNEQUpJQkdICVRRT0tSTE1QTglYWVtaV15VVlwKZmRjZ19oYWJgZQoEABASDg0PKh8yAgAeBgMBIAkBAwAIAhcBAAoBAAwBGgEBAAAAASIAAAIAMwcCABYdAwAmGRUDAC4UCwUjHBgRBQAAAAA=
— P1 action (MeldAction, turn 18, 2 left)
P1 melds A2 Currency(Green)
— P1 action (DrawAction, turn 18, 1 left)
P1 draws A3 Education(Purple) (hand=10)
[state] SVYBAgEBAhMA/AMfAAAAAAYoLCslJykGNjEwNDUtCUA/Pjg5Oz08NwlGQ0RBSklCR0gJVFFPS1JMTVBOCVhZW1pXXlVWXApmZGNnX2hhYmBlCgQAEA4NDyofMhsCAB4GAwEgCQEDAAgCFwEACgIAEgwBGgEBAAAAASIAAAIAMwcCABYdAwAmGRUDAC4UCwUjHBgRBQAAAAA=
— P2 action (AchieveAction, turn 19, 2 left)
P2 claims age-2 achievement
— P2 action (DogmaAction, turn 19, 1 left)
Dogma: P2 activates A4 Experimentation(Blue) (featured Lightbulb)
Effect 1 (share/non-demand) — Lightbulb counts (frozen): P1=0, P2=3; targets: P2
  → handler DrawAndMeldHandler on P2
P2 draws A5 Steam Engine(Yellow) (hand=2)
P2 melds A5 Steam Engine(Yellow)
    = progressed
[state] SVYBAgEAAhQA+AMfAAAAAAYoLCslJykFMTA0NS0JQD8+ODk7PTw3CUZDREFKSUJHSAlUUU9LUkxNUE4JWFlbWldeVVZcCmZkY2dfaGFiYGUKBAAQDg0PKh8yGwIAHgYDASAJAQMACAIXAQAKAgASDAEaAQEAAAABIgEANgIAMwcCABYdAwAmGRUDAC4UCwUjHBgRBQECAAAA
— P1 action (DogmaAction, turn 20, 2 left)
Dogma: P1 activates A2 Currency(Green) (featured Crown)
Effect 1 (share/non-demand) — Crown counts (frozen): P1=5, P2=5; targets: P2,P1
  → handler CurrencyHandler on P2
    = no-op (paused awaiting choice)
  → handler CurrencyHandler on P2
P2 returns A3 Translation(Blue)
P2 draws A3 Translation(Blue) (hand=1)
P2 scores A3 Translation(Blue)
    = progressed
  → handler CurrencyHandler on P1
    = no-op (paused awaiting choice)
  → handler CurrencyHandler on P1
P1 returns A5 Physics(Blue)
P1 returns A4 Perspective(Yellow)
P1 returns A3 Medicine(Yellow)
P1 returns A2 Canal Building(Yellow)
P1 returns A1 Writing(Blue)
P1 draws A2 Canal Building(Yellow) (hand=6)
P1 scores A2 Canal Building(Yellow)
P1 draws A3 Medicine(Yellow) (hand=6)
P1 scores A3 Medicine(Yellow)
P1 draws A4 Invention(Green) (hand=6)
P1 scores A4 Invention(Green)
P1 draws A4 Reformation(Purple) (hand=6)
P1 scores A4 Reformation(Purple)
P1 draws A4 Printing Press(Blue) (hand=6)
P1 scores A4 Printing Press(Blue)
    = progressed
P1 draws A4 Enterprise(Purple) (hand=6)
— P1 action (DogmaAction, turn 20, 1 left)
Dogma: P1 activates A2 Currency(Green) (featured Crown)
Effect 1 (share/non-demand) — Crown counts (frozen): P1=5, P2=5; targets: P2,P1
  → handler CurrencyHandler on P2
    = no-op
  → handler CurrencyHandler on P1
    = no-op (paused awaiting choice)
  → handler CurrencyHandler on P1
P1 returns A4 Enterprise(Purple)
P1 returns A3 Education(Purple)
P1 returns A2 Calendar(Blue)
P1 returns A1 Tools(Blue)
P1 draws A2 Calendar(Blue) (hand=3)
P1 scores A2 Calendar(Blue)
P1 claims the Monument achievement
P1 draws A3 Education(Purple) (hand=3)
P1 scores A3 Education(Purple)
P1 draws A4 Gunpowder(Red) (hand=3)
P1 scores A4 Gunpowder(Red)
P1 draws A4 Navigation(Green) (hand=3)
P1 scores A4 Navigation(Green)
    = progressed
[state] SVYBAgEBAhUA+AMeAAIODQAAAiolBjEwNDUtMglAPz44OTs9PDcJRkNEQUpJQkdICVRRT0tSTE1QTglYWVtaV15VVlwKZmRjZ19oYWJgZQIEAAIAHgYDASAJAQMACAIXAQAKAgASDAoaEB8oLCsPGycpAQEBAAAAAQA2AgAzBwIAFh0DACYZFQMALhQLBiMcGBEFIgECAAAA
— P2 action (AchieveAction, turn 21, 2 left)
P2 claims age-3 achievement
— P2 action (DogmaAction, turn 21, 1 left)
Dogma: P2 activates A5 Steam Engine(Yellow) (featured Factory)
Effect 1 (share/non-demand) — Factory counts (frozen): P1=0, P2=4; targets: P2
  → handler SteamEngineHandler on P2
P2 draws A4 Perspective(Yellow) (hand=1)
P2 tucks A4 Perspective(Yellow)
P2 draws A4 Enterprise(Purple) (hand=1)
P2 tucks A4 Enterprise(Purple)
P2 scores from board A4 Perspective(Yellow)
    = progressed
[state] SVYBAgEAAhYA8AMeAAIODQAAAAYxMDQ1LTIJQD8+ODk7PTw3CUZDREFKSUJHSAlUUU9LUkxNUE4JWFlbWldeVVZcCmZkY2dfaGFiYGUCBAACAB4GAwEgCQEDAAgCFwEACgIAEgwKGhAfKCwrDxsnKQEBAQAAAAEANgIAMwcDABYdJQMAJhkVAwAuFAsHIxwYEQUiKgICAwAAAA==
— P1 action (DogmaAction, turn 22, 2 left)
Dogma: P1 activates A3 Optics(Red) (featured Crown)
Effect 1 (share/non-demand) — Crown counts (frozen): P1=5, P2=5; targets: P2,P1
  → handler OpticsHandler on P2
P2 draws A5 Measurement(Green) (hand=1)
P2 melds A5 Measurement(Green)
    = progressed
  → handler OpticsHandler on P1
P1 draws A5 Coal(Red) (hand=3)
P1 melds A5 Coal(Red)
    = progressed (paused awaiting choice)
  → handler OpticsHandler on P1
transfer score→score A2 Calendar(Blue): P1 → P2
    = progressed
P1 draws A5 Societies(Purple) (hand=3)
— P1 action (AchieveAction, turn 22, 1 left)
P1 claims age-4 achievement
[state] SVYBAgEBAhcA4AMeAAIODQAAAAM1LTIJQD8+ODk7PTw3CUZDREFKSUJHSAlUUU9LUkxNUE4JWFlbWldeVVZcCmZkY2dfaGFiYGUDBAA0AgAeBgQBMCAJAQMACAIXAQAKAgASDAkaEB8oLCsbJykCAQQBAAAAAQA2AgAzBwMAFh0lAwAmGRUEADEuFAsIIxwYEQUiKg8CAgMAAAA=
— P2 action (DogmaAction, turn 23, 2 left)
Dogma: P2 activates A5 The Pirate Code(Red) (featured Crown)
Effect 1 (demand) — Crown counts (frozen): P1=2, P2=3; targets: P1
  → handler PirateCodeDemandHandler on P1
    = no-op (paused awaiting choice)
  → handler PirateCodeDemandHandler on P1
transfer score→score A2 Canal Building(Yellow): P1 → P2
    = progressed (paused awaiting choice)
  → handler PirateCodeDemandHandler on P1
transfer score→score A3 Education(Purple): P1 → P2
    = progressed
Effect 2 (share/non-demand) — Crown counts (frozen): P1=2, P2=3; targets: P2
  → handler PirateCodeScoreIfDemandHandler on P2
    = no-op (paused awaiting choice)
  → handler PirateCodeScoreIfDemandHandler on P2
P2 scores from board A5 The Pirate Code(Red)
    = progressed
— P2 action (AchieveAction, turn 23, 1 left)
P2 claims age-5 achievement
[state] SVYBAgEAAhgAwAMeAAIODQAAAAM1LTIJQD8+ODk7PTw3CUZDREFKSUJHSAlUUU9LUkxNUE4JWFlbWldeVVZcCmZkY2dfaGFiYGUDBAA0AgAeBgQBMCAJAQMACAIXAQAKAgASDAcaHygsKycpAgEEAQAAAAEANgEABwMAFh0lAwAmGRUEADEuFAsLIxwYEQUiKg8QGzMDAgMFAAAA
— P1 action (DogmaAction, turn 24, 2 left)
Dogma: P1 activates A2 Currency(Green) (featured Crown)
Effect 1 (share/non-demand) — Crown counts (frozen): P1=2, P2=1; targets: P1
  → handler CurrencyHandler on P1
    = no-op (paused awaiting choice)
  → handler CurrencyHandler on P1
P1 returns A5 Societies(Purple)
P1 returns A1 Code of Laws(Purple)
P1 draws A5 Statistics(Yellow) (hand=2)
P1 scores A5 Statistics(Yellow)
P1 draws A5 Astronomy(Purple) (hand=2)
P1 scores A5 Astronomy(Purple)
    = progressed
— P1 action (DogmaAction, turn 24, 1 left)
Dogma: P1 activates A2 Currency(Green) (featured Crown)
Effect 1 (share/non-demand) — Crown counts (frozen): P1=2, P2=1; targets: P1
  → handler CurrencyHandler on P1
    = no-op (paused awaiting choice)
  → handler CurrencyHandler on P1
P1 returns A1 Agriculture(Yellow)
P1 draws A5 Physics(Blue) (hand=1)
P1 scores A5 Physics(Blue)
    = progressed
[state] SVYBAgEBAhkAwAMeAAQODQQAAAAAATQJQD8+ODk7PTw3CUZDREFKSUJHSAlUUU9LUkxNUE4JWFlbWldeVVZcCmZkY2dfaGFiYGUAAgAeBgQBMCAJAQMACAIXAQAKAgASDAoaHygsKycpNS0yAgEEAQAAAAEANgEABwMAFh0lAwAmGRUEADEuFAsLIxwYEQUiKg8QGzMDAgMFAAAA
— P2 action (DogmaAction, turn 25, 2 left)
Dogma: P2 activates A5 Steam Engine(Yellow) (featured Factory)
Effect 1 (share/non-demand) — Factory counts (frozen): P1=3, P2=2; targets: P1,P2
  → handler SteamEngineHandler on P1
P1 draws A5 Societies(Purple) (hand=1)
P1 tucks A5 Societies(Purple)
P1 draws A6 Vaccination(Yellow) (hand=1)
P1 tucks A6 Vaccination(Yellow)
P1 scores from board A6 Vaccination(Yellow)
    = progressed
  → handler SteamEngineHandler on P2
P2 draws A6 Metric System(Green) (hand=1)
P2 tucks A6 Metric System(Green)
P2 draws A6 Machine Tools(Red) (hand=1)
P2 tucks A6 Machine Tools(Red)
P2 scores from board A5 Steam Engine(Yellow)
    = progressed
P2 draws A6 Canning(Yellow) (hand=1)
— P2 action (MeldAction, turn 25, 1 left)
P2 melds A6 Canning(Yellow)
[state] SVYBAgEAAhoAwAMeAAQODQQAAAAAAAU5Oz08NwlGQ0RBSklCR0gJVFFPS1JMTVBOCVhZW1pXXlVWXApmZGNnX2hhYmBlAAIAHgYEATAgCQEEAAgCFzQBAAoCABIMCxofKCwrJyk1LTJAAgEEAQAAAAEAOAIABz4DABYdJQMAJhkVBQAxLhQLPwwjHBgRBSIqDxAbMzYDAgMFAAAA
— P1 action (DogmaAction, turn 26, 2 left)
Dogma: P1 activates A5 Coal(Red) (featured Factory)
Effect 1 (share/non-demand) — Factory counts (frozen): P1=3, P2=2; targets: P1
  → handler CoalTuckHandler on P1
P1 draws A6 Classification(Green) (hand=1)
P1 tucks A6 Classification(Green)
    = progressed
Effect 2 (share/non-demand) — Factory counts (frozen): P1=3, P2=2; targets: P1
  → handler CoalSplayHandler on P1
    = no-op (paused awaiting choice)
  → handler CoalSplayHandler on P1
P1 splays Red Right
    = progressed
Effect 3 (share/non-demand) — Factory counts (frozen): P1=3, P2=2; targets: P1
  → handler CoalScorePairHandler on P1
    = no-op (paused awaiting choice)
  → handler CoalScorePairHandler on P1
P1 scores from board A2 Currency(Green)
P1 scores from board A1 The Wheel(Green)
    = progressed
— P1 action (AchieveAction, turn 26, 1 left)
P1 claims age-6 achievement
[state] SVYBAgEBAhsAgAMeAAQODQQAAAAAAAQ7PTw3CUZDREFKSUJHSAlUUU9LUkxNUE4JWFlbWldeVVZcCmZkY2dfaGFiYGUAAgAeBgQCMCAJAQQACAIXNAEACgEAOQ0aHygsKycpNS0yQBIMAwEEBgEAAAABADgCAAc+AwAWHSUDACYZFQUAMS4UCz8MIxwYEQUiKg8QGzM2AwIDBQAAAA==
— P2 action (DogmaAction, turn 27, 2 left)
Dogma: P2 activates A6 Canning(Yellow) (featured Factory)
Effect 1 (share/non-demand) — Factory counts (frozen): P1=3, P2=2; targets: P1,P2
  → handler CanningTuckIfHandler on P1
    = no-op (paused awaiting choice)
  → handler CanningTuckIfHandler on P1
    = no-op
  → handler CanningTuckIfHandler on P2
    = no-op (paused awaiting choice)
  → handler CanningTuckIfHandler on P2
P2 draws A6 Emancipation(Purple) (hand=1)
P2 tucks A6 Emancipation(Purple)
P2 scores from board A1 Metalworking(Red)
P2 scores from board A2 Monotheism(Purple)
P2 scores from board A4 Experimentation(Blue)
P2 scores from board A5 Measurement(Green)
    = progressed
Effect 2 (share/non-demand) — Factory counts (frozen): P1=3, P2=2; targets: P1,P2
  → handler CanningSplayHandler on P1
    = no-op (paused awaiting choice)
  → handler CanningSplayHandler on P1
P1 splays Yellow Right
    = progressed
  → handler CanningSplayHandler on P2
    = no-op
P2 draws A6 Industrialization(Red) (hand=1)
— P2 action (DogmaAction, turn 27, 1 left)
Dogma: P2 activates A5 Banking(Green) (featured Crown)
Effect 1 (demand) — Crown counts (frozen): P1=3, P2=2; targets: (none)
Effect 2 (share/non-demand) — Crown counts (frozen): P1=3, P2=2; targets: P1,P2
  → handler BankingSplayHandler on P1
    = no-op
  → handler BankingSplayHandler on P2
    = no-op (paused awaiting choice)
  → handler BankingSplayHandler on P2
P2 splays Green Right
    = progressed
[state] SVYBAgEAAhwAgAMeAAQODQQAAAAAAAI8NwlGQ0RBSklCR0gJVFFPS1JMTVBOCVhZW1pXXlVWXApmZGNnX2hhYmBlAAICHgYEAjAgCQEEAAgCFzQBAAoBADkNGh8oLCsnKTUtMkASDAMBBAYBAAABPQEAOAEAPgMAHSU7AgAZFQQCLhQLPxAjHBgRBSIqDxAbMzYHFiYxAwIDBQAAAA==
— P1 action (DogmaAction, turn 28, 2 left)
Dogma: P1 activates A1 Mysticism(Purple) (featured Castle)
Effect 1 (share/non-demand) — Castle counts (frozen): P1=7, P2=4; targets: P1
  → handler MysticismHandler on P1
P1 draws A1 Writing(Blue) (hand=1)
P1 melds A1 Writing(Blue)
P1 draws A1 Tools(Blue) (hand=1)
    = progressed
— P1 action (DogmaAction, turn 28, 1 left)
Dogma: P1 activates A1 Mysticism(Purple) (featured Castle)
Effect 1 (share/non-demand) — Castle counts (frozen): P1=7, P2=4; targets: P1
  → handler MysticismHandler on P1
P1 draws A1 Code of Laws(Purple) (hand=2)
P1 melds A1 Code of Laws(Purple)
P1 draws A1 Agriculture(Yellow) (hand=2)
    = progressed
[state] SVYBAgEBAh0AgAMeAAAAAAAAAjw3CUZDREFKSUJHSAlUUU9LUkxNUE4JWFlbWldeVVZcCmZkY2dfaGFiYGUCDQACAh4GBAIwIAkBBQAECAIXNAIADgoBADkNGh8oLCsnKTUtMkASDAMBBAYBAAABPQEAOAEAPgMAHSU7AgAZFQQCLhQLPxAjHBgRBSIqDxAbMzYHFiYxAwIDBQAAAA==
— P2 action (DogmaAction, turn 29, 2 left)
Dogma: P2 activates A3 Alchemy(Blue) (featured Castle)
Effect 1 (share/non-demand) — Castle counts (frozen): P1=4, P2=4; targets: P1,P2
  → handler AlchemyDrawRevealHandler on P1
P1 draws A6 Encyclopedia(Blue) (hand=3)
    = progressed
  → handler AlchemyDrawRevealHandler on P2
P2 draws A6 Atomic Theory(Blue) (hand=2)
    = progressed
Effect 2 (share/non-demand) — Castle counts (frozen): P1=4, P2=4; targets: P1,P2
  → handler AlchemyMeldScoreHandler on P1
    = no-op (paused awaiting choice)
  → handler AlchemyMeldScoreHandler on P1
P1 melds A6 Encyclopedia(Blue)
    = progressed (paused awaiting choice)
  → handler AlchemyMeldScoreHandler on P1
P1 scores A1 Tools(Blue)
    = progressed
  → handler AlchemyMeldScoreHandler on P2
    = no-op (paused awaiting choice)
  → handler AlchemyMeldScoreHandler on P2
P2 melds A6 Industrialization(Red)
    = progressed (paused awaiting choice)
  → handler AlchemyMeldScoreHandler on P2
P2 scores A6 Atomic Theory(Blue)
    = progressed
P2 draws A7 Lighting(Purple) (hand=1)
— P2 action (DogmaAction, turn 29, 1 left)
Dogma: P2 activates A3 Alchemy(Blue) (featured Castle)
Effect 1 (share/non-demand) — Castle counts (frozen): P1=4, P2=4; targets: P1,P2
  → handler AlchemyDrawRevealHandler on P1
P1 draws A7 Electricity(Green) (hand=2)
    = progressed
  → handler AlchemyDrawRevealHandler on P2
P2 draws A7 Evolution(Blue) (hand=2)
    = progressed
Effect 2 (share/non-demand) — Castle counts (frozen): P1=4, P2=4; targets: P1,P2
  → handler AlchemyMeldScoreHandler on P1
    = no-op (paused awaiting choice)
  → handler AlchemyMeldScoreHandler on P1
P1 melds A7 Electricity(Green)
    = progressed (paused awaiting choice)
  → handler AlchemyMeldScoreHandler on P1
P1 scores A1 Agriculture(Yellow)
    = progressed
  → handler AlchemyMeldScoreHandler on P2
    = no-op (paused awaiting choice)
  → handler AlchemyMeldScoreHandler on P2
P2 melds A7 Lighting(Purple)
    = progressed (paused awaiting choice)
  → handler AlchemyMeldScoreHandler on P2
P2 scores A7 Evolution(Blue)
    = progressed
P2 draws A7 Bicycle(Green) (hand=1)
[state] SVYBAgEAAh4AgAMeAAAAAAAAAAVKSUJHSAlUUU9LUkxNUE4JWFlbWldeVVZcCmZkY2dfaGFiYGUAAgIeBgQCMCAJAQUABAgCFzQDADwOCgIAQzkPGh8oLCsnKTUtMkASDA0AAwEEBgEAAAFBAQA4AgA9PgQARh0lOwIAGRUEAi4UCz8SIxwYEQUiKg8QGzM2BxYmMTdEAwIDBQAAAA==
— P1 action (AchieveAction, turn 30, 2 left)
P1 claims age-7 achievement
— P1 action (DogmaAction, turn 30, 1 left)
Dogma: P1 activates A6 Encyclopedia(Blue) (featured Crown)
Effect 1 (share/non-demand) — Crown counts (frozen): P1=8, P2=6; targets: P1
  → handler EncyclopediaHandler on P1
    = no-op (paused awaiting choice)
  → handler EncyclopediaHandler on P1
P1 melds (from score) A6 Vaccination(Yellow)
    = progressed
[state] SVYBAgEBAh8AAAMeAAAAAAAAAAVKSUJHSAlUUU9LUkxNUE4JWFlbWldeVVZcCmZkY2dfaGFiYGUAAwJAHgYEAjAgCQEFAAQIAhc0AwA8DgoCAEM5DhofKCwrJyk1LTISDA0ABAEEBgcBAAABQQEAOAIAPT4EAEYdJTsCABkVBAIuFAs/EiMcGBEFIioPEBszNgcWJjE3RAMCAwUAAAA=
— P2 action (DogmaAction, turn 31, 2 left)
Dogma: P2 activates A6 Canning(Yellow) (featured Factory)
Effect 1 (share/non-demand) — Factory counts (frozen): P1=6, P2=6; targets: P1,P2
  → handler CanningTuckIfHandler on P1
    = no-op (paused awaiting choice)
  → handler CanningTuckIfHandler on P1
    = no-op
  → handler CanningTuckIfHandler on P2
    = no-op (paused awaiting choice)
  → handler CanningTuckIfHandler on P2
P2 draws A7 Sanitation(Yellow) (hand=2)
P2 tucks A7 Sanitation(Yellow)
P2 scores from board A7 Lighting(Purple)
P2 scores from board A3 Alchemy(Blue)
    = progressed
Effect 2 (share/non-demand) — Factory counts (frozen): P1=6, P2=6; targets: P1,P2
  → handler CanningSplayHandler on P1
    = no-op
  → handler CanningSplayHandler on P2
    = no-op (paused awaiting choice)
  → handler CanningSplayHandler on P2
P2 splays Yellow Right
    = progressed
— P2 action (DogmaAction, turn 31, 1 left)
Dogma: P2 activates A2 Mathematics(Blue) (featured Lightbulb)
Effect 1 (share/non-demand) — Lightbulb counts (frozen): P1=2, P2=2; targets: P1,P2
  → handler MathematicsHandler on P1
    = no-op
  → handler MathematicsHandler on P2
    = no-op (paused awaiting choice)
  → handler MathematicsHandler on P2
P2 returns A7 Bicycle(Green)
P2 draws A8 Socialism(Purple) (hand=1)
P2 melds A8 Socialism(Purple)
    = progressed
[state] SVYBAgEAAiAAAAMeAAAAAAAAAAVJQkdIQQhRT0tSTE1QTglYWVtaV15VVlwKZmRjZ19oYWJgZQADAkAeBgQCMCAJAQUABAgCFzQDADwOCgIAQzkOGh8oLCsnKTUtMhIMDQAEAQQGBwEAAAACAjhKAgA9PgQAVB0lOwEAFQQCLhQLPxQjHBgRBSIqDxAbMzYHFiYxN0RGGQMCAwUAAAA=
— P1 action (DogmaAction, turn 32, 2 left)
Dogma: P1 activates A7 Electricity(Green) (featured Factory)
Effect 1 (share/non-demand) — Factory counts (frozen): P1=6, P2=6; targets: P2,P1
  → handler ElectricityHandler on P2
P2 returns top A8 Socialism(Purple)
P2 returns top A2 Mathematics(Blue)
P2 draws A8 Quantum Theory(Blue) (hand=1)
P2 draws A8 Mass Media(Green) (hand=2)
    = progressed
  → handler ElectricityHandler on P1
P1 returns top A1 Code of Laws(Purple)
P1 returns top A6 Encyclopedia(Blue)
P1 draws A8 Antibiotics(Yellow) (hand=1)
P1 draws A8 Rocketry(Blue) (hand=2)
    = progressed
P1 draws A7 Refrigeration(Yellow) (hand=3)
— P1 action (MeldAction, turn 32, 1 left)
P1 melds A8 Rocketry(Blue)
[state] SVYBAgEBAiEAAAMeAAEEARUAAAABPARCR0hBBUxNUE5UCVhZW1pXXlVWXApmZGNnX2hhYmBlAktJAwJAHgYEAjAgCQEEAAgCFzQDAFIOCgIAQzkOGh8oLCsnKTUtMhIMDQAEAQQGBwEAAAJRTwICOEoCAD0+AwAdJTsAAAQCLhQLPxQjHBgRBSIqDxAbMzYHFiYxN0RGGQMCAwUAAAA=
— P2 action (MeldAction, turn 33, 2 left)
P2 melds A8 Quantum Theory(Blue)
— P2 action (AchieveAction, turn 33, 1 left)
P2 claims age-8 achievement
[state] SVYBAgEAAiIAAAIeAAEEARUAAAABPARCR0hBBUxNUE5UCVhZW1pXXlVWXApmZGNnX2hhYmBlAktJAwJAHgYEAjAgCQEEAAgCFzQDAFIOCgIAQzkOGh8oLCsnKTUtMhIMDQAEAQQGBwEAAAFPAgI4SgIAPT4DAB0lOwEAUQQCLhQLPxQjHBgRBSIqDxAbMzYHFiYxN0RGGQQCAwUIAAAA
— P1 action (DogmaAction, turn 34, 2 left)
Dogma: P1 activates A7 Electricity(Green) (featured Factory)
Effect 1 (share/non-demand) — Factory counts (frozen): P1=6, P2=6; targets: P2,P1
  → handler ElectricityHandler on P2
P2 returns top A3 Feudalism(Purple)
P2 returns top A8 Quantum Theory(Blue)
P2 draws A8 Corporations(Green) (hand=2)
P2 draws A8 Empiricism(Purple) (hand=3)
    = progressed
  → handler ElectricityHandler on P1
P1 returns top A1 Mysticism(Purple)
P1 returns top A8 Rocketry(Blue)
P1 draws A8 Mobility(Red) (hand=3)
P1 draws A8 Flight(Red) (hand=4)
    = progressed
P1 draws A7 Combustion(Red) (hand=5)
— P1 action (DogmaAction, turn 34, 1 left)
Dogma: P1 activates A6 Vaccination(Yellow) (featured Leaf)
Effect 1 (demand) — Leaf counts (frozen): P1=4, P2=3; targets: P2
  → handler VaccinationDemandHandler on P2
P2 returns (from score) A1 Domestication(Yellow)
P2 returns (from score) A1 Metalworking(Red)
P2 draws A6 Encyclopedia(Blue) (hand=4)
P2 melds A6 Encyclopedia(Blue)
    = progressed
Effect 2 (share/non-demand) — Leaf counts (frozen): P1=4, P2=3; targets: P1
  → handler VaccinationDrawIfDemandHandler on P1
P1 draws A7 Publications(Blue) (hand=6)
P1 melds A7 Publications(Blue)
    = progressed
[state] SVYBAgEBAiMAAAIeAAQECAUHARUBHQAAAAJIQQNUUVIJWFlbWldeVVZcCmZkY2dfaGFiYGUFS0lQTkIDAkAeBgQCMCAJAQMAAhc0AwBHDgoCAEM5DhofKCwrJyk1LTISDA0ABAEEBgcBAAADT0xNAgI4SgIAPT4CACU7AQA8BAIuFAs/EiMcGBEiKg8QGzM2FiYxN0RGGQQCAwUIAAAA
— P2 action (DogmaAction, turn 35, 2 left)
Dogma: P2 activates A6 Industrialization(Red) (featured Factory)
Effect 1 (share/non-demand) — Factory counts (frozen): P1=6, P2=6; targets: P1,P2
  → handler IndustrializationTuckHandler on P1
P1 draws A7 Railroad(Purple) (hand=6)
P1 tucks A7 Railroad(Purple)
P1 draws A7 Bicycle(Green) (hand=6)
P1 tucks A7 Bicycle(Green)
P1 draws A8 Socialism(Purple) (hand=6)
P1 tucks A8 Socialism(Purple)
    = progressed
  → handler IndustrializationTuckHandler on P2
P2 draws A8 Quantum Theory(Blue) (hand=4)
P2 tucks A8 Quantum Theory(Blue)
P2 draws A8 Rocketry(Blue) (hand=4)
P2 tucks A8 Rocketry(Blue)
P2 draws A9 Ecology(Yellow) (hand=4)
P2 tucks A9 Ecology(Yellow)
    = progressed
Effect 2 (share/non-demand) — Factory counts (frozen): P1=6, P2=6; targets: P1,P2
  → handler IndustrializationSplayHandler on P1
    = no-op (paused awaiting choice)
  → handler IndustrializationSplayHandler on P1
P1 splays Purple Right
    = progressed
  → handler IndustrializationSplayHandler on P2
    = no-op (paused awaiting choice)
  → handler IndustrializationSplayHandler on P2
P2 splays Red Right
    = progressed
P2 draws A9 Fission(Red) (hand=4)
— P2 action (MeldAction, turn 35, 1 left)
P2 melds A9 Fission(Red)
[state] SVYBAgEAAiQAAAIeAAQECAUHARUBHQAAAAAAB1taV15VVlwKZmRjZ19oYWJgZQVLSVBOQgMCQB4GBAIwIAkBBQICFzRIVAMARw4KAwBDOUEOGh8oLCsnKTUtMhIMDQAEAQQGBwEAAANPTE0DAjhKWAMCWT0+AgAlOwMAPFFSBAIuFAs/EiMcGBEiKg8QGzM2FiYxN0RGGQQCAwUIAAAA
— P1 action (DogmaAction, turn 36, 2 left)
Dogma: P1 activates A6 Vaccination(Yellow) (featured Leaf)
Effect 1 (demand) — Leaf counts (frozen): P1=5, P2=4; targets: P2
  → handler VaccinationDemandHandler on P2
P2 returns (from score) A2 Road Building(Red)
P2 returns (from score) A2 Construction(Red)
P2 returns (from score) A2 Calendar(Blue)
P2 returns (from score) A2 Canal Building(Yellow)
P2 returns (from score) A2 Monotheism(Purple)
P2 draws A9 Satellites(Green) (hand=4)
P2 melds A9 Satellites(Green)
    = progressed
Effect 2 (share/non-demand) — Leaf counts (frozen): P1=5, P2=4; targets: P1
  → handler VaccinationDrawIfDemandHandler on P1
P1 draws A9 Genetics(Blue) (hand=6)
P1 melds A9 Genetics(Blue)
    = progressed
— P1 action (AchieveAction, turn 36, 1 left)
P1 claims age-9 achievement
